cobbler_server ip: 192.168.110.57

关闭防火墙
# systemctl stop firewalld
# systemctl disable firewalld


关闭selinux
# setenforce 0
# sed -i "s/^SELINUX=.*/SELINUX=permissive/g" /etc/sysconfig/selinux


安装epel源
# yum install -y epel-release



安装cobbler及其相关软件
# yum -y install cobbler dhcp tftp-server pykickstart httpd


修改server和next_server参数
# vi /etc/cobbler/settings
将server: 127.0.0.1修改为server: 192.168.110.57
将next_server: 127.0.0.1修改为next_server: 192.168.110.57



修改default_password_crypted参数
[root@cobbler_server ~]# openssl passwd -1
Password:  <--------------------------Ann0road042*
Verifying - Password:  <--------------------------Ann0road042*
$1$zuqpCv7M$IkwD1LCKByPEZwpA2cr5L0

# vi /etc/cobbler/settings
default_password_crypted: "$1$zuqpCv7M$IkwD1LCKByPEZwpA2cr5L0"



开启管理DHCP
vi /etc/cobbler/settings
将manage_dhcp参数改为1
将pxe_just_once参数改为1



修改DHCP模板，修改subnet段；
[root@cobbler_server ~]# cat /etc/cobbler/dhcp.template 
subnet 192.168.110.0 netmask 255.255.255.0 {			#PXE自动获取网络的网段和子网掩码
     option routers             192.168.110.254;			#PXE自动获取网关地址
     option domain-name-servers 192.168.201.207;		#PXE自动获取DNS地址
     option subnet-mask         255.255.255.0;			#子网掩码
     range dynamic-bootp        192.168.110.65 192.168.110.70;	#PXE安装时，自动获取的IP网段
     default-lease-time         21600;
     max-lease-time             43200;
     next-server                $next_server;
     class "pxeclients" {
          match if substring (option vendor-class-identifier, 0, 9) = "PXEClient";
          if option pxe-system-type = 00:02 {
                  filename "ia64/elilo.efi";
          } else if option pxe-system-type = 00:06 {
                  filename "grub/grub-x86.efi";
          } else if option pxe-system-type = 00:07 {
                  filename "grub/grub-x86_64.efi";
          } else if option pxe-system-type = 00:09 {
                  filename "grub/grub-x86_64.efi";
          } else {
                  filename "pxelinux.0";
          }
     }

}


启用tftp
将/etc/xinetd.d/tftp的disable选项改为no
# /etc/xinetd.d/tftp
disable = no




启动相关服务
[root@cobbler_server cobbler]# systemctl status cobblerd.service
● cobblerd.service - Cobbler Helper Daemon
   Loaded: loaded (/usr/lib/systemd/system/cobblerd.service; disabled; vendor preset: disabled)
   Active: active (running) since Tue 2019-04-16 09:21:10 CST; 7s ago
  Process: 6364 ExecStartPost=/usr/bin/touch /usr/share/cobbler/web/cobbler.wsgi (code=exited, status=1/FAILURE)
 Main PID: 6363 (cobblerd)
   CGroup: /system.slice/cobblerd.service
           └─6363 /usr/bin/python2 -s /usr/bin/cobblerd -F

Apr 16 09:21:10 cobbler_server systemd[1]: Starting Cobbler Helper Daemon...
Apr 16 09:21:10 cobbler_server touch[6364]: /usr/bin/touch: cannot touch ‘/usr/share/cobbler/web/cobbler.wsgi’: No such file or directory 	#https访问cobbler，忽略；
Apr 16 09:21:10 cobbler_server systemd[1]: Started Cobbler Helper Daemon.



[root@cobbler_server share]# cobbler check
httpd does not appear to be running and proxying cobbler, or SELinux is in the way. Original traceback:
Traceback (most recent call last):
  File "/usr/lib/python2.7/site-packages/cobbler/cli.py", line 251, in check_setup
    s.ping()
  File "/usr/lib64/python2.7/xmlrpclib.py", line 1233, in __call__
    return self.__send(self.__name, args)
  File "/usr/lib64/python2.7/xmlrpclib.py", line 1591, in __request
    verbose=self.__verbose
  File "/usr/lib64/python2.7/xmlrpclib.py", line 1273, in request
    return self.single_request(host, handler, request_body, verbose)
  File "/usr/lib64/python2.7/xmlrpclib.py", line 1301, in single_request
    self.send_content(h, request_body)
  File "/usr/lib64/python2.7/xmlrpclib.py", line 1448, in send_content
    connection.endheaders(request_body)
  File "/usr/lib64/python2.7/httplib.py", line 1037, in endheaders
    self._send_output(message_body)
  File "/usr/lib64/python2.7/httplib.py", line 881, in _send_output
    self.send(msg)
  File "/usr/lib64/python2.7/httplib.py", line 843, in send
    self.connect()
  File "/usr/lib64/python2.7/httplib.py", line 824, in connect
    self.timeout, self.source_address)
  File "/usr/lib64/python2.7/socket.py", line 571, in create_connection
    raise err
error: [Errno 111] Connection refused



根据报错，启动httpd服务；
httpd does not appear to be running and proxying cobbler, or SELinux is in the way. Original traceback:
[root@cobbler_server share]# systemctl start httpd.service
[root@cobbler_server share]# systemctl status httpd.service
[root@cobbler_server share]# systemctl status httpd.service




[root@cobbler_server share]# cobbler check
The following are potential configuration items that you may want to fix:

1 : Some network boot-loaders are missing from /var/lib/cobbler/loaders, you may run 'cobbler get-loaders' to download them,
 or, if you only want to handle x86/x86_64 netbooting, you may ensure that you have installed a *recent* version of the syslinux package installed 
and can ignore this message entirely.  Files in this directory, should you want to support all architectures, 
should include pxelinux.0, menu.c32, elilo.efi, and yaboot. The 'cobbler get-loaders' command is the easiest way to resolve these requirements.

2 : enable and start rsyncd.service with systemctl
3 : debmirror package is not installed, it will be required to manage debian deployments and repositories
4 : fencing tools were not found, and are required to use the (optional) power management features. install cman or fence-agents to use them

Restart cobblerd and then run 'cobbler sync' to apply changes.


1，根据报错，执行cobbler get-loaders,下载依赖的loader文件；
[root@cobbler_server share]# cobbler get-loaders
task started: 2019-04-16_092607_get_loaders
task started (id=Download Bootloader Content, time=Tue Apr 16 09:26:07 2019)
downloading https://cobbler.github.io/loaders/README to /var/lib/cobbler/loaders/README
downloading https://cobbler.github.io/loaders/COPYING.elilo to /var/lib/cobbler/loaders/COPYING.elilo
downloading https://cobbler.github.io/loaders/COPYING.yaboot to /var/lib/cobbler/loaders/COPYING.yaboot
downloading https://cobbler.github.io/loaders/COPYING.syslinux to /var/lib/cobbler/loaders/COPYING.syslinux
downloading https://cobbler.github.io/loaders/elilo-3.8-ia64.efi to /var/lib/cobbler/loaders/elilo-ia64.efi
downloading https://cobbler.github.io/loaders/yaboot-1.3.17 to /var/lib/cobbler/loaders/yaboot
downloading https://cobbler.github.io/loaders/pxelinux.0-3.86 to /var/lib/cobbler/loaders/pxelinux.0
downloading https://cobbler.github.io/loaders/menu.c32-3.86 to /var/lib/cobbler/loaders/menu.c32
downloading https://cobbler.github.io/loaders/grub-0.97-x86.efi to /var/lib/cobbler/loaders/grub-x86.efi
downloading https://cobbler.github.io/loaders/grub-0.97-x86_64.efi to /var/lib/cobbler/loaders/grub-x86_64.efi
*** TASK COMPLETE ***



2，根据报错，启动rsyncd服务；
[root@cobbler_server share]# systemctl enable rsyncd.service
Created symlink from /etc/systemd/system/multi-user.target.wants/rsyncd.service to /usr/lib/systemd/system/rsyncd.service.
[root@cobbler_server share]# systemctl start rsyncd.service
[root@cobbler_server share]# systemctl status rsyncd.service
● rsyncd.service - fast remote file copy program daemon
   Loaded: loaded (/usr/lib/systemd/system/rsyncd.service; enabled; vendor preset: disabled)
   Active: active (running) since Tue 2019-04-16 09:27:15 CST; 14s ago
 Main PID: 6452 (rsync)
   CGroup: /system.slice/rsyncd.service
           └─6452 /usr/bin/rsync --daemon --no-detach

Apr 16 09:27:15 cobbler_server systemd[1]: Started fast remote file copy program daemon.
Apr 16 09:27:15 cobbler_server rsyncd[6452]: rsyncd version 3.1.2 starting, listening on port 873




暂时忽略以下两个报错；
[root@cobbler_server share]# cobbler check
The following are potential configuration items that you may want to fix:

1 : debmirror package is not installed, it will be required to manage debian deployments and repositories
2 : fencing tools were not found, and are required to use the (optional) power management features. install cman or fence-agents to use them

Restart cobblerd and then run 'cobbler sync' to apply changes.








cobbler同步任务
[root@cobbler_server cobbler]# systemctl status cobblerd.service
[root@cobbler_server share]# cobbler sync
task started: 2019-04-16_093450_sync
task started (id=Sync, time=Tue Apr 16 09:34:50 2019)
running pre-sync triggers
cleaning trees
removing: /var/lib/tftpboot/grub/images
copying bootloaders
trying hardlink /var/lib/cobbler/loaders/pxelinux.0 -> /var/lib/tftpboot/pxelinux.0
trying hardlink /var/lib/cobbler/loaders/menu.c32 -> /var/lib/tftpboot/menu.c32
trying hardlink /var/lib/cobbler/loaders/yaboot -> /var/lib/tftpboot/yaboot
trying hardlink /usr/share/syslinux/memdisk -> /var/lib/tftpboot/memdisk
trying hardlink /var/lib/cobbler/loaders/grub-x86.efi -> /var/lib/tftpboot/grub/grub-x86.efi
trying hardlink /var/lib/cobbler/loaders/grub-x86_64.efi -> /var/lib/tftpboot/grub/grub-x86_64.efi
copying distros to tftpboot
copying images
generating PXE configuration files
generating PXE menu structure
rendering TFTPD files
generating /etc/xinetd.d/tftp
cleaning link caches
running post-sync triggers
running python triggers from /var/lib/cobbler/triggers/sync/post/*
running python trigger cobbler.modules.sync_post_restart_services
running shell triggers from /var/lib/cobbler/triggers/sync/post/*
running python triggers from /var/lib/cobbler/triggers/change/*
running python trigger cobbler.modules.manage_genders
running python trigger cobbler.modules.scm_track
running shell triggers from /var/lib/cobbler/triggers/change/*
*** TASK COMPLETE ***


下载镜像，并挂载到/mnt/CentOS7.6.1810/路径下
[root@cobbler_server mnt]# mount -t iso9660 -o loop,ro /mnt/mirrors/CentOS-7-x86_64-DVD-1810.iso /mnt/CentOS7.6.1810/


cobbler导入镜像；
[root@cobbler_server ~]# cobbler import --name=CentOS7.6 --arch=x86_64 --path=/mnt/CentOS7.6.1810/
task started: 2019-04-16_100049_import
task started (id=Media import, time=Tue Apr 16 10:00:49 2019)
Found a candidate signature: breed=redhat, version=rhel6
Found a matching signature: breed=redhat, version=rhel6
Adding distros from path /var/www/cobbler/ks_mirror/CentOS7.6-x86_64:
creating new distro: CentOS7.6-x86_64
trying symlink: /var/www/cobbler/ks_mirror/CentOS7.6-x86_64 -> /var/www/cobbler/links/CentOS7.6-x86_64
creating new profile: CentOS7.6-x86_64
associating repos
checking for rsync repo(s)
checking for rhn repo(s)
checking for yum repo(s)
starting descent into /var/www/cobbler/ks_mirror/CentOS7.6-x86_64 for CentOS7.6-x86_64
processing repo at : /var/www/cobbler/ks_mirror/CentOS7.6-x86_64
need to process repo/comps: /var/www/cobbler/ks_mirror/CentOS7.6-x86_64
looking for /var/www/cobbler/ks_mirror/CentOS7.6-x86_64/repodata/*comps*.xml
Keeping repodata as-is :/var/www/cobbler/ks_mirror/CentOS7.6-x86_64/repodata
*** TASK COMPLETE ***


查看当前系统镜像列表
[root@cobbler_server ~]# cobbler distro list
   CentOS7.6-x86_64
[root@cobbler_server ~]# cobbler profile list
   CentOS7.6-x86_64

[root@cobbler_server ~]# cobbler distro report --name=CentOS7.6-x86_64
Name                           : CentOS7.6-x86_64
Architecture                   : x86_64
TFTP Boot Files                : {}
Breed                          : redhat
Comment                        : 
Fetchable Files                : {}
Initrd                         : /var/www/cobbler/ks_mirror/CentOS7.6-x86_64/images/pxeboot/initrd.img
Kernel                         : /var/www/cobbler/ks_mirror/CentOS7.6-x86_64/images/pxeboot/vmlinuz
Kernel Options                 : {}
Kernel Options (Post Install)  : {}
Kickstart Metadata             : {'tree': 'http://@@http_server@@/cblr/links/CentOS7.6-x86_64'}
Management Classes             : []
OS Version                     : rhel6
Owners                         : ['admin']
Red Hat Management Key         : <<inherit>>
Red Hat Management Server      : <<inherit>>
Template Files                 : {}




启动tftp
[root@cobbler_server kickstarts]# systemctl start tftp.service
[root@cobbler_server kickstarts]# systemctl status tftp.service
● tftp.service - Tftp Server
   Loaded: loaded (/usr/lib/systemd/system/tftp.service; indirect; vendor preset: disabled)
   Active: active (running) since Tue 2019-04-16 10:46:44 CST; 6s ago
     Docs: man:in.tftpd
 Main PID: 8706 (in.tftpd)
   CGroup: /system.slice/tftp.service
           └─8706 /usr/sbin/in.tftpd -s /var/lib/tftpboot

Apr 16 10:46:44 cobbler_server systemd[1]: Started Tftp Server.
[root@cobbler_server kickstarts]# 
[root@cobbler_server kickstarts]# 
[root@cobbler_server kickstarts]# systemctl enable tftp.service
[root@cobbler_server kickstarts]# systemctl enable tftp.service
Created symlink from /etc/systemd/system/sockets.target.wants/tftp.socket to /usr/lib/systemd/system/tftp.socket.



在大部分网络环境中都会已经有一个dhcp服务了，如果要在这样的网络环境中构筑pxe就需要dhcp proxy（就近选择原理）
在CentOS上可以安装dnsmasq服务
首先关闭cobbler的dhcp设置
# vi /etc/cobbler/settings
将manage_dhcp参数改为0

[root@cobbler_server kickstarts]# cat /etc/dnsmasq.d/dhcp 
port=0   #禁用DNS端口
dhcp-range=192.168.110.0,proxy  #当前所在网段
dhcp-boot=pxelinux.0
pxe-service=x86PC,'Cobbler-Install',pxelinux

[root@cobbler_server kickstarts]# systemctl start dnsmasq
[root@cobbler_server kickstarts]# systemctl status dnsmasq
● dnsmasq.service - DNS caching server.
   Loaded: loaded (/usr/lib/systemd/system/dnsmasq.service; disabled; vendor preset: disabled)
   Active: active (running) since Tue 2019-04-16 10:45:36 CST; 6s ago
 Main PID: 8622 (dnsmasq)
   CGroup: /system.slice/dnsmasq.service
           └─8622 /usr/sbin/dnsmasq -k

Apr 16 10:45:36 cobbler_server systemd[1]: Started DNS caching server..
Apr 16 10:45:36 cobbler_server dnsmasq[8622]: started, version 2.76 DNS disabled
Apr 16 10:45:36 cobbler_server dnsmasq[8622]: compile time options: IPv6 GNU-getopt DBus no-i18n IDN DHCP DHCPv6 no-Lua TFTP no-conntrack ipset auth no-DNSSEC...ct inotify
Apr 16 10:45:36 cobbler_server dnsmasq-dhcp[8622]: DHCP, proxy on subnet 192.168.110.0
Hint: Some lines were ellipsized, use -l to show in full.
[root@cobbler_server kickstarts]# systemctl enable dnsmasq
Created symlink from /etc/systemd/system/multi-user.target.wants/dnsmasq.service to /usr/lib/systemd/system/dnsmasq.service.



编写kickstart文件，并导入进cobbler
[root@cobbler_server kickstarts]# cp CentOS7.6.cfg /var/lib/cobbler/kickstarts/
[root@cobbler_server kickstarts]# cobbler  distro list
   CentOS7.6-x86_64   #name值
[root@cobbler_server kickstarts]# cobbler profile edit --name=CentOS7.6-x86_64 --kickstart=/var/lib/cobbler/kickstarts/CentOS7.6.cfg 
[root@cobbler_server kickstarts]# cobbler profile report





